2025-09-23 15:58:46,299 - ERROR - Attempt 1 failed for page 2: 403 Client Error: Forbidden for url: https://www.zaubacorp.com/companies-list/status-Active/p-2-company.html
2025-09-23 15:58:46,299 - ERROR - Attempt 1 failed for page 1: 403 Client Error: Forbidden for url: https://www.zaubacorp.com/companies-list/status-Active/p-1-company.html
2025-09-23 15:58:46,300 - ERROR - Attempt 1 failed for page 5: 403 Client Error: Forbidden for url: https://www.zaubacorp.com/companies-list/status-Active/p-5-company.html
2025-09-23 15:58:46,300 - ERROR - Attempt 1 failed for page 4: 403 Client Error: Forbidden for url: https://www.zaubacorp.com/companies-list/status-Active/p-4-company.html
2025-09-23 15:58:46,330 - ERROR - Attempt 1 failed for page 3: 403 Client Error: Forbidden for url: https://www.zaubacorp.com/companies-list/status-Active/p-3-company.html
2025-09-23 15:58:52,976 - ERROR - Attempt 2 failed for page 4: 403 Client Error: Forbidden for url: https://www.zaubacorp.com/companies-list/status-Active/p-4-company.html
2025-09-23 15:58:52,985 - ERROR - Attempt 2 failed for page 2: 403 Client Error: Forbidden for url: https://www.zaubacorp.com/companies-list/status-Active/p-2-company.html
2025-09-23 15:58:53,006 - ERROR - Attempt 2 failed for page 3: 403 Client Error: Forbidden for url: https://www.zaubacorp.com/companies-list/status-Active/p-3-company.html
2025-09-23 15:58:53,019 - ERROR - Attempt 2 failed for page 5: 403 Client Error: Forbidden for url: https://www.zaubacorp.com/companies-list/status-Active/p-5-company.html
2025-09-23 15:58:53,020 - ERROR - Attempt 2 failed for page 1: 403 Client Error: Forbidden for url: https://www.zaubacorp.com/companies-list/status-Active/p-1-company.html
2025-09-23 15:59:00,440 - ERROR - Attempt 3 failed for page 3: 403 Client Error: Forbidden for url: https://www.zaubacorp.com/companies-list/status-Active/p-3-company.html
2025-09-23 15:59:00,449 - ERROR - Attempt 3 failed for page 1: 403 Client Error: Forbidden for url: https://www.zaubacorp.com/companies-list/status-Active/p-1-company.html
2025-09-23 15:59:00,451 - ERROR - Attempt 3 failed for page 2: 403 Client Error: Forbidden for url: https://www.zaubacorp.com/companies-list/status-Active/p-2-company.html
2025-09-23 15:59:00,468 - ERROR - Attempt 3 failed for page 5: 403 Client Error: Forbidden for url: https://www.zaubacorp.com/companies-list/status-Active/p-5-company.html
2025-09-23 15:59:00,489 - ERROR - Attempt 3 failed for page 4: 403 Client Error: Forbidden for url: https://www.zaubacorp.com/companies-list/status-Active/p-4-company.html
2025-09-23 15:59:05,466 - WARNING - No records to export.
2025-09-23 16:01:12,509 - ERROR - 第2页发生异常: Message: Unable to obtain driver for chrome; For documentation on this error, please visit: https://www.selenium.dev/documentation/webdriver/troubleshooting/errors/driver_location

2025-09-23 16:01:27,263 - WARNING - Error sending stats to Plausible: error sending request for url (https://plausible.io/api/event)
2025-09-23 16:01:27,263 - WARNING - Error sending stats to Plausible: error sending request for url (https://plausible.io/api/event)
2025-09-23 16:01:27,263 - WARNING - Error sending stats to Plausible: error sending request for url (https://plausible.io/api/event)
2025-09-23 16:01:27,263 - WARNING - Error sending stats to Plausible: error sending request for url (https://plausible.io/api/event)
2025-09-23 16:01:28,760 - INFO - 使用Selenium爬取第3页
2025-09-23 16:01:28,770 - INFO - 使用Selenium爬取第5页
2025-09-23 16:01:28,801 - INFO - 使用Selenium爬取第1页
2025-09-23 16:01:28,803 - INFO - 使用Selenium爬取第4页
2025-09-23 16:01:56,498 - INFO - 第1页爬取到30条记录
2025-09-23 16:01:58,101 - INFO - 第3页爬取到30条记录
2025-09-23 16:01:59,386 - INFO - 第5页爬取到30条记录
2025-09-23 16:02:04,824 - INFO - 第4页爬取到30条记录
2025-09-23 16:02:06,103 - INFO - 导出120条记录到active_companies.xlsx
2025-09-23 16:09:55,050 - ERROR - 第5页第1次尝试失败: 403 Client Error: Forbidden for url: https://www.zaubacorp.com/companies-list/status-Active/p-5-company.html
2025-09-23 16:09:55,051 - ERROR - 第1页第1次尝试失败: 403 Client Error: Forbidden for url: https://www.zaubacorp.com/companies-list/status-Active/p-1-company.html
2025-09-23 16:09:55,051 - ERROR - 第2页第1次尝试失败: 403 Client Error: Forbidden for url: https://www.zaubacorp.com/companies-list/status-Active/p-2-company.html
2025-09-23 16:09:55,055 - ERROR - 第3页第1次尝试失败: 403 Client Error: Forbidden for url: https://www.zaubacorp.com/companies-list/status-Active/p-3-company.html
2025-09-23 16:09:55,055 - ERROR - 第4页第1次尝试失败: 403 Client Error: Forbidden for url: https://www.zaubacorp.com/companies-list/status-Active/p-4-company.html
2025-09-23 16:10:01,441 - ERROR - 第1页第2次尝试失败: 403 Client Error: Forbidden for url: https://www.zaubacorp.com/companies-list/status-Active/p-1-company.html
2025-09-23 16:10:01,442 - ERROR - 第2页第2次尝试失败: 403 Client Error: Forbidden for url: https://www.zaubacorp.com/companies-list/status-Active/p-2-company.html
2025-09-23 16:10:01,455 - ERROR - 第3页第2次尝试失败: 403 Client Error: Forbidden for url: https://www.zaubacorp.com/companies-list/status-Active/p-3-company.html
2025-09-23 16:10:01,484 - ERROR - 第4页第2次尝试失败: 403 Client Error: Forbidden for url: https://www.zaubacorp.com/companies-list/status-Active/p-4-company.html
2025-09-23 16:10:01,485 - ERROR - 第5页第2次尝试失败: 403 Client Error: Forbidden for url: https://www.zaubacorp.com/companies-list/status-Active/p-5-company.html
2025-09-23 16:10:09,124 - ERROR - 第1页第3次尝试失败: 403 Client Error: Forbidden for url: https://www.zaubacorp.com/companies-list/status-Active/p-1-company.html
2025-09-23 16:10:09,127 - ERROR - 第4页第3次尝试失败: 403 Client Error: Forbidden for url: https://www.zaubacorp.com/companies-list/status-Active/p-4-company.html
2025-09-23 16:10:09,127 - ERROR - 第5页第3次尝试失败: 403 Client Error: Forbidden for url: https://www.zaubacorp.com/companies-list/status-Active/p-5-company.html
2025-09-23 16:10:09,153 - ERROR - 第2页第3次尝试失败: 403 Client Error: Forbidden for url: https://www.zaubacorp.com/companies-list/status-Active/p-2-company.html
2025-09-23 16:10:09,155 - ERROR - 第3页第3次尝试失败: 403 Client Error: Forbidden for url: https://www.zaubacorp.com/companies-list/status-Active/p-3-company.html
2025-09-23 16:10:14,159 - WARNING - 没有记录可导出
2025-09-23 16:15:42,748 - INFO - 第2页爬取到30条记录
2025-09-23 16:15:46,167 - INFO - 第3页爬取到30条记录
2025-09-23 16:15:52,544 - INFO - 第1页爬取到30条记录
2025-09-23 16:16:16,099 - INFO - 第4页爬取到30条记录
2025-09-23 16:16:21,782 - INFO - 第5页爬取到30条记录
2025-09-23 16:16:55,589 - INFO - 详情页 https://www.zaubacorp.com/SHIV-GENERAL-FINANCE-PVT-LTD-U74899DL1961PTC003402 提取成功
2025-09-23 16:17:00,005 - INFO - 详情页 https://www.zaubacorp.com/DMF-CONSULTANCY-SERVICES-PRIVATE-LIMITED-U74999DL2002PTC117343 提取成功
2025-09-23 16:17:04,063 - INFO - 详情页 https://www.zaubacorp.com/DHYAN-INVESTMENTS-AND-TRADING-COMPANY-PRIVATE-LIMITED-U67120MH1991PTC061744 提取成功
2025-09-23 16:17:20,197 - INFO - 详情页 https://www.zaubacorp.com/SGL-CONTAINER-LINE-PRIVATE-LIMITED-U63010MH2007PTC174842 提取成功
2025-09-23 16:17:27,140 - INFO - 详情页 https://www.zaubacorp.com/SUNKISSED-TRADERS-PVT-LTD-U51909WB1994PTC066566 提取成功
2025-09-23 16:17:30,162 - INFO - 详情页 https://www.zaubacorp.com/DR.ETHIX'S-PRODUCTS-AND-SERVICES-PRIVATE-LIMITED-U24100TN2019PTC129889 提取成功
2025-09-23 16:17:30,206 - INFO - 详情页 https://www.zaubacorp.com/VIRAASAT-ESTATE-DEVELOPERS-PRIVATE-LIMITED-U70100RJ2017PTC059770 提取成功
2025-09-23 16:17:34,476 - INFO - 详情页 https://www.zaubacorp.com/VESELKO-LEAD-GENERATION-AND-EVENT-MANAGEMENT-PRIVATE-LIMITED-U74999MH2017PTC299468 提取成功
2025-09-23 16:17:35,204 - INFO - 详情页 https://www.zaubacorp.com/ALHAMD-EXIM-PRIVATE-LIMITED-U51909UP2021PTC144433 提取成功
2025-09-23 16:17:36,672 - INFO - 详情页 https://www.zaubacorp.com/JEWEL-ROCK-REALTY-PRIVATE-LIMITED-U45203MH2008PTC181465 提取成功
2025-09-23 16:17:40,781 - INFO - 详情页 https://www.zaubacorp.com/VPG-SOLAR-INFRATECH-PRIVATE-LIMITED-U74999UP2017PTC099587 提取成功
2025-09-23 16:17:51,422 - INFO - 详情页 https://www.zaubacorp.com/ARC-&-LIGHT-MEDIA-PRIVATE-LIMITED-U74900MH2011PTC216217 提取成功
2025-09-23 16:17:52,874 - INFO - 详情页 https://www.zaubacorp.com/CHANDRA-AWAS-PRIVATE-LIMITED-U70101WB2006PTC108817 提取成功
2025-09-23 16:17:59,380 - INFO - 详情页 https://www.zaubacorp.com/OVION-MOBITECH-PRIVATE-LIMITED-U74999MH2018PTC308635 提取成功
2025-09-23 16:17:59,488 - INFO - 详情页 https://www.zaubacorp.com/SHRI-RAM-DREAM-HOMES-PRIVATE-LIMITED-U70101CT2010PTC021649 提取成功
2025-09-23 16:18:00,710 - INFO - 详情页 https://www.zaubacorp.com/SPS-TECHNOTRENDS-PRIVATE-LIMITED-U74999HR2020PTC090791 提取成功
2025-09-23 16:18:10,026 - INFO - 详情页 https://www.zaubacorp.com/RODWAL-REALITIES-PRIVATE-LIMITED-U45200MP2011PTC026488 提取成功
2025-09-23 16:18:10,117 - INFO - 详情页 https://www.zaubacorp.com/BEBE-DE-CHOLE-BHATURE-PRIVATE-LIMITED-U55100DL2020PTC372559 提取成功
2025-09-23 16:18:17,838 - INFO - 详情页 https://www.zaubacorp.com/MAHALWALA-POWER-PACKS-PRIVATE-LIMITED-U74899DL1987PTC029424 提取成功
2025-09-23 16:18:22,002 - INFO - 详情页 https://www.zaubacorp.com/ADS-SQUAD-PRIVATE-LIMITED-U74999DL2020PTC362097 提取成功
2025-09-23 16:18:27,839 - INFO - 详情页 https://www.zaubacorp.com/EZ-CAPITAL-SERVICES-PRIVATE-LIMITED-U74999PB2021PTC052928 提取成功
2025-09-23 16:18:29,422 - INFO - 详情页 https://www.zaubacorp.com/YUVAPAD-SKILLING-AND-ADVISORY-SERVICES-PRIVATE-LIMITED-U74999WB2019PTC232416 提取成功
2025-09-23 16:18:30,915 - INFO - 详情页 https://www.zaubacorp.com/AJJREE-ENGINEERING-INDUSTRIESS-PRIVATE-LIMITED-U74110PN1991PTC063163 提取成功
2025-09-23 16:18:33,097 - INFO - 详情页 https://www.zaubacorp.com/SAURABH-PROPERTIES-PRIVATE-LIMITED-U45200MH1986PTC040430 提取成功
2025-09-23 16:18:40,052 - INFO - 详情页 https://www.zaubacorp.com/DEEP-TRADELINK-PRIVATE-LIMITED-U51909WB2005PTC104359 提取成功
2025-09-23 16:18:47,684 - INFO - 详情页 https://www.zaubacorp.com/CVJACK-SERVICES-(OPC)-PRIVATE-LIMITED-U93000MH2019OPC320944 提取成功
2025-09-23 16:18:47,827 - INFO - 详情页 https://www.zaubacorp.com/N-K-S-HOTELS-LIMITED-U55101TZ1997PLC008105 提取成功
2025-09-23 16:19:06,922 - INFO - 详情页 https://www.zaubacorp.com/SHEEMEE-SALES-&-SERVICES-PVT-LTD-U74140WB1996PTC076662 提取成功
2025-09-23 16:19:25,434 - INFO - 详情页 https://www.zaubacorp.com/VIVAK-BHARTU-AND-CONSULTANTS-PRIVATE-LIMITED-U45200MH1995PTC086705 提取成功
2025-09-23 16:19:32,435 - INFO - 详情页 https://www.zaubacorp.com/L1-RTC-INDIA-PRIVATE-LIMITED-U51397MP2021PTC057697 提取成功
2025-09-23 16:19:32,463 - INFO - 详情页 https://www.zaubacorp.com/INTERCONNECT-MEDIA-PRIVATE-LIMITED-U93000KA2010PTC052872 提取成功
2025-09-23 16:19:49,894 - INFO - 详情页 https://www.zaubacorp.com/SAMPARK-MICRO-FINANCE-U65190TR2013NPL008382 提取成功
2025-09-23 16:19:59,399 - INFO - 详情页 https://www.zaubacorp.com/FLIPZEE-FOREX-INTERNATIONAL-PRIVATE-LIMITED-U65920UP2019PTC120791 提取成功
2025-09-23 16:19:59,651 - INFO - 详情页 https://www.zaubacorp.com/IRA-AARNA-REALITY-PRIVATE-LIMITED-U70102MH2008PTC180739 提取成功
2025-09-23 16:20:33,166 - INFO - 详情页 https://www.zaubacorp.com/AMBASRI-EXIM-PRIVATE-LIMITED-U51909KA2022PTC159003 提取成功
2025-09-23 16:20:33,224 - INFO - 详情页 https://www.zaubacorp.com/TRANSGLOBAL-RESOURCES-PRIVATE-LIMITED-U51101UP2015PTC069685 提取成功
2025-09-23 16:20:36,827 - INFO - 详情页 https://www.zaubacorp.com/SOUTH-EAST-CONSULTANTS-PRIVATE-LIMITED-U74899DL1988PTC031129 提取成功
2025-09-23 16:21:08,919 - INFO - 详情页 https://www.zaubacorp.com/NABADIGANTA-INFRASTRUCTURE-&-HOUSING-PRIVATE-LIMITED-U70109WB2011PTC167115 提取成功
2025-09-23 16:21:14,685 - INFO - 详情页 https://www.zaubacorp.com/CHARISMATRIX-EDUCATION-TECHNOLOGY-PRIVATE-LIMITED-U80301MH2021PTC367207 提取成功
2025-09-23 16:21:20,645 - INFO - 详情页 https://www.zaubacorp.com/SUKKREEV-MULTITECH-PRIVATE-LIMITED-U74999AN2018PTC005426 提取成功
2025-09-23 16:21:36,058 - INFO - 详情页 https://www.zaubacorp.com/RSSH-EDUCATIONAL-CONSULTANTS-PRIVATE-LIMITED-U80901BR2018PTC038775 提取成功
2025-09-23 16:21:54,302 - INFO - 详情页 https://www.zaubacorp.com/SAKALYA-WISDOM-FOUNDATION-U80302KA2019NPL130539 提取成功
2025-09-23 16:21:59,410 - INFO - 详情页 https://www.zaubacorp.com/PEAKLEVEL-INFRASTRUCTURE-PRIVATE-LIMITED-U70102WB2010PTC153280 提取成功
2025-09-23 16:22:08,172 - INFO - 详情页 https://www.zaubacorp.com/AVA-HYDROPOWER-CONSULTANTS-PRIVATE-LIMITED-U74900UP2011PTC044823 提取成功
2025-09-23 16:22:09,540 - INFO - 详情页 https://www.zaubacorp.com/MAARUT-TECHNOLOGIES-PRIVATE-LIMITED-U72200AP2020PTC114191 提取成功
2025-09-23 16:22:23,704 - INFO - 详情页 https://www.zaubacorp.com/PARAMPITA-BUSINESS-PRIVATE-LIMITED-U51909WB2013PTC190090 提取成功
2025-09-23 16:22:25,188 - INFO - 详情页 https://www.zaubacorp.com/HAMARASANKALP-MARKETING-INDIA-PRIVATE-LIMITED-U74120UP2016PTC076691 提取成功
2025-09-23 16:22:42,820 - INFO - 详情页 https://www.zaubacorp.com/ULTRANODE-COMMUNICATIONS-PRIVATE-LIMITED-U74999OR2016PTC025638 提取成功
2025-09-23 16:22:53,413 - INFO - 详情页 https://www.zaubacorp.com/SKH-HOSPITALITY-PRIVATE-LIMITED-U70109DL2013PTC256427 提取成功
2025-09-23 16:22:53,449 - INFO - 详情页 https://www.zaubacorp.com/MANAV-SHIPPING-AGENCY-PRIVATE-LIMITED-U63030DL2021PTC375471 提取成功
2025-09-23 16:23:05,674 - INFO - 详情页 https://www.zaubacorp.com/AERIAL-SPORTS-PRIVATE-LIMITED-U92490RJ2020PTC072671 提取成功
2025-09-23 16:23:17,035 - INFO - 详情页 https://www.zaubacorp.com/LIMLES-TECHNOLOGIES-PRIVAET-LIMITED-U72900KA2019PTC130761 提取成功
2025-09-23 16:23:31,821 - INFO - 详情页 https://www.zaubacorp.com/ZOOM-TECHNO-PRIVATE-LIMITED-U74920MH1999PTC117997 提取成功
2025-09-23 16:23:32,571 - INFO - 详情页 https://www.zaubacorp.com/RADHAG-SWEETS-AND-NAMKEEN-PRIVATE-LIMITED-U74999UP2016PTC087915 提取成功
2025-09-23 16:23:37,404 - INFO - 详情页 https://www.zaubacorp.com/MODERNVYAPAARI-TECHNOLOGIES-PRIVATE-LIMITED-U72900UP2022PTC159907 提取成功
2025-09-23 16:23:41,900 - INFO - 详情页 https://www.zaubacorp.com/PAN-ASIA-BROKERS-AND-CONSULTANTS-LIMITED-U51900GJ2010PLC063217 提取成功
2025-09-23 16:23:42,159 - INFO - 详情页 https://www.zaubacorp.com/CONSERVE-SAFETY-SOLUTIONS(INDIA)-PRIVATE-LIMITED-U74999AP2020PTC115138 提取成功
2025-09-23 16:23:45,668 - INFO - 详情页 https://www.zaubacorp.com/INTERSPAN-MERCANTILES-PVT.-LTD.-U51909WB1994PTC065976 提取成功
2025-09-23 16:23:52,233 - INFO - 详情页 https://www.zaubacorp.com/ALTRANICS-IT-SOLUTIONS-PRIVATE-LIMITED-U72100KA2004PTC035150 提取成功
2025-09-23 16:23:52,273 - INFO - 详情页 https://www.zaubacorp.com/I3-KONZEPTS-INDIA-PRIVATE-LIMITED-U72200AP2016PTC098377 提取成功
2025-09-23 16:23:53,774 - INFO - 详情页 https://www.zaubacorp.com/PACIFIC-INFRABUILD-LLP-AAE-6126 提取成功
2025-09-23 16:24:00,808 - INFO - 详情页 https://www.zaubacorp.com/AFFAIRS-EVENT-MANAGEMENT-LLP-AAF-1027 提取成功
2025-09-23 16:24:02,974 - INFO - 详情页 https://www.zaubacorp.com/ARMADILLO-REALTY-LLP-AAF-9145 提取成功
2025-09-23 16:24:05,674 - INFO - 详情页 https://www.zaubacorp.com/VIPANI-ONLINE-SHOPPING-PORTAL-LLP-AAF-8155 提取成功
2025-09-23 16:24:21,309 - INFO - 详情页 https://www.zaubacorp.com/AJAY-AGGARWAL-PROPERTIES-LLP-AAG-0314 提取成功
2025-09-23 16:24:32,164 - INFO - 详情页 https://www.zaubacorp.com/BEFREE-BUSINESS-RESOURCING-LLP-AAG-4170 提取成功
2025-09-23 16:24:42,054 - INFO - 详情页 https://www.zaubacorp.com/SIS-MERCHANTILE-INDIA-LLP-AAG-4211 提取成功
2025-09-23 16:24:50,896 - INFO - 详情页 https://www.zaubacorp.com/VIRAT-PROMOTERS-LLP-AAG-4332 提取成功
2025-09-23 16:25:00,011 - INFO - 详情页 https://www.zaubacorp.com/SOLSKEN-ENERGY-LLP-AAF-1860 提取成功
2025-09-23 16:25:06,171 - INFO - 详情页 https://www.zaubacorp.com/SRI-KRISHNA-FREEHOLD-LLP-AAF-2865 提取成功
2025-09-23 16:25:16,559 - INFO - 详情页 https://www.zaubacorp.com/REINA-CONSULTING-LLP-AAE-9623 提取成功
2025-09-23 16:25:22,040 - INFO - 详情页 https://www.zaubacorp.com/SUPREME-HEATREATERS-PVT-LTD-U99999MH1987PTC043205 提取成功
2025-09-23 16:25:24,713 - INFO - 详情页 https://www.zaubacorp.com/SAFARI-BIKES-PRIVATE-LIMITED-U35921PB1995PTC017379 提取成功
2025-09-23 16:25:30,545 - INFO - 详情页 https://www.zaubacorp.com/PWC-STRATEGY&-(INDIA)-PRIVATE-LIMITED-U74990MH2009FTC194075 提取成功
2025-09-23 16:25:35,425 - INFO - 详情页 https://www.zaubacorp.com/PROLOGY-IT-SOLUTIONS-PRIVATE-LIMITED-U74120MH2014PTC258481 提取成功
2025-09-23 16:25:38,164 - INFO - 详情页 https://www.zaubacorp.com/AKHEALTH-BUSINESS-SOLUTION-PRIVATE-LIMITED-U74999PN2017PTC172044 提取成功
2025-09-23 16:25:38,460 - INFO - 详情页 https://www.zaubacorp.com/RADIOHMS-AGENCIES-PRIVATE-LIMITED-U51100MH2005PTC150698 提取成功
2025-09-23 16:25:43,264 - INFO - 详情页 https://www.zaubacorp.com/BLUE-CIRCLE-ORGANICS-PRIVATE-LIMITED-U24299MH2003PTC139929 提取成功
2025-09-23 16:25:46,348 - INFO - 详情页 https://www.zaubacorp.com/VISHWAKARMA-TREXIM-PVT.-LTD.-U51109WB1994PTC062270 提取成功
2025-09-23 16:25:46,665 - INFO - 详情页 https://www.zaubacorp.com/ANANYA-INVESTMENTS-PRIVATE-LIMITED-U65990GJ1980PTC003888 提取成功
2025-09-23 16:25:49,141 - INFO - 详情页 https://www.zaubacorp.com/SAITEX-FAB-SAREES-LLP-AAQ-6173 提取成功
2025-09-23 16:26:01,324 - INFO - 详情页 https://www.zaubacorp.com/ASPIRE-POWER-PROJECTS-PRIVATE-LIMITED-U40108DL2004PTC125750 提取成功
2025-09-23 16:26:03,683 - INFO - 详情页 https://www.zaubacorp.com/AL-AMAN-TOURISM-PRIVATE-LIMITED-U63040AP2002PTC039713 提取成功
2025-09-23 16:26:13,750 - INFO - 详情页 https://www.zaubacorp.com/AGK-BUILDCON-LLP-AAJ-4875 提取成功
2025-09-23 16:26:38,527 - INFO - 详情页 https://www.zaubacorp.com/KPC-BUILDERS-PRIVATE-LIMITED-U45200AP2001PTC036587 提取成功
2025-09-23 16:26:38,551 - INFO - 详情页 https://www.zaubacorp.com/RASIK-INFRACON-PRIVATE-LIMITED-U45200DL2012PTC231983 提取成功
2025-09-23 16:26:47,015 - INFO - 详情页 https://www.zaubacorp.com/IMPERIAL-CONSULTANTS-AND-SECURITIES-LIMITED-U65993TN1993PTC024724 提取成功
2025-09-23 16:27:03,807 - INFO - 详情页 https://www.zaubacorp.com/INEXUS-INNOVATION-PRIVATE-LIMITED-U72900TN2021PTC148423 提取成功
2025-09-23 16:27:04,008 - INFO - 详情页 https://www.zaubacorp.com/PACHARIA-EXPORTS-PVT-LTD-U51420WB1989PTC048005 提取成功
2025-09-23 16:27:12,167 - INFO - 详情页 https://www.zaubacorp.com/DRIKE-TOURS-AND-TRAVELS-PRIVATE-LIMITED-U63030UP2019PTC125163 提取成功
2025-09-23 16:27:25,017 - INFO - 详情页 https://www.zaubacorp.com/ESSEM-CAPITAL-MARKETS-LIMITED-U99999MH1995PLC084393 提取成功
2025-09-23 16:27:30,045 - INFO - 详情页 https://www.zaubacorp.com/SHEETAL-HIGHCON-SOLUTIONS-PRIVATE-LIMITED-U74999UP2018PTC099910 提取成功
2025-09-23 16:27:39,089 - INFO - 详情页 https://www.zaubacorp.com/S2J-FACILITY-MANAGEMENT-PRIVATE-LIMITED-U74999MH2020PTC349584 提取成功
2025-09-23 16:27:49,507 - INFO - 详情页 https://www.zaubacorp.com/MAXAR-TECHNOLOGIES-INDIA-PRIVATE-LIMITED-U74999MH2017FTC299970 提取成功
2025-09-23 16:27:55,730 - INFO - 详情页 https://www.zaubacorp.com/INNETGROWTH-INDIA-PRIVATE-LIMITED-U72900KA2021PTC150740 提取成功
2025-09-23 16:27:57,983 - INFO - 详情页 https://www.zaubacorp.com/SHASHI-CIVIL-WORKS-PRIVATE-LIMITED-U45201UP2018PTC106123 提取成功
2025-09-23 16:28:11,216 - INFO - 详情页 https://www.zaubacorp.com/SPAAG-SALES-PRIVATE-LIMITED-U51900MP2012PTC028028 提取成功
2025-09-23 16:28:11,979 - INFO - 详情页 https://www.zaubacorp.com/UNITED-TELELINKS-NEOLYNCS-PRIVATE-LIMITED-U32109KA2020PTC136351 提取成功
2025-09-23 16:28:12,169 - INFO - 详情页 https://www.zaubacorp.com/SESSION39-STOCK-BROKING-PRIVATE-LIMITED-U67190MH2015PTC271132 提取成功
2025-09-23 16:28:20,847 - INFO - 详情页 https://www.zaubacorp.com/YALI-ENERGIES-INDIA-PRIVATE-LIMITED-U74999PY2020PTC008582 提取成功
2025-09-23 16:28:21,995 - INFO - 详情页 https://www.zaubacorp.com/PRECISE-SYSTEMS-AND-SOLUTION-PRIVATE-LIMITED-U72900DL2020PTC373086 提取成功
2025-09-23 16:28:23,507 - INFO - 详情页 https://www.zaubacorp.com/S.V.S.-MANAGEMENT-CONSULTANTS-PRIVATE-LIMITED-U74140DL1997PTC087506 提取成功
2025-09-23 16:28:26,781 - INFO - 详情页 https://www.zaubacorp.com/MARS-TRANS-EXPRESS-PRIVATE-LIMITED-U60300MH2019PTC319801 提取成功
2025-09-23 16:28:29,130 - INFO - 详情页 https://www.zaubacorp.com/SHANDILYA-SOFTECH-PRIVATE-LIMITED-U72200KA2007PTC044142 提取成功
2025-09-23 16:28:31,195 - INFO - 详情页 https://www.zaubacorp.com/ASIWAL-MARKETING-PRIVATE-LIMITED-U74999RJ2019PTC065463 提取成功
2025-09-23 16:28:34,282 - INFO - 详情页 https://www.zaubacorp.com/HARIDRA-HOSPITALITY-PRIVATE-LIMITED-U55101MH2020PTC341340 提取成功
2025-09-23 16:28:40,765 - INFO - 详情页 https://www.zaubacorp.com/GEE-BEE-DEVELOPERS-AND-COLONIZERS-PRIVATE-LIMITED-U45309DL2016PTC307861 提取成功
2025-09-23 16:28:44,136 - INFO - 详情页 https://www.zaubacorp.com/MEGS-SECURITY-PRIVATE-LIMITED-U74999RJ2018PTC062153 提取成功
2025-09-23 16:28:44,638 - INFO - 详情页 https://www.zaubacorp.com/GOYAL-TRAVELS-&-IMMIGRATION-PRIVATE-LIMITED-U63000PB2016PTC045410 提取成功
2025-09-23 16:28:49,994 - INFO - 详情页 https://www.zaubacorp.com/AVAS-PROMOTION-LIMITED-U51909WB2007PLC116952 提取成功
2025-09-23 16:28:58,545 - INFO - 详情页 https://www.zaubacorp.com/DIVERSITY-RETAILS-PRIVATE-LIMITED-U51909AP2010PTC104178 提取成功
2025-09-23 16:29:09,873 - INFO - 详情页 https://www.zaubacorp.com/SOLNTECH-SERVICES-PRIVATE-LIMITED-U72200RJ2013PTC042067 提取成功
2025-09-23 16:29:12,262 - INFO - 详情页 https://www.zaubacorp.com/ADIPRI-INFRACON-PRIVATE-LIMITED-U45500OR2016PTC025859 提取成功
2025-09-23 16:29:22,372 - INFO - 详情页 https://www.zaubacorp.com/GRESHMA-COMMODITIES-PRIVATE-LIMITED-U93090MH2009PTC194869 提取成功
2025-09-23 16:29:38,617 - INFO - 详情页 https://www.zaubacorp.com/PAR-ADVISORY-SERVICES-PRIVATE-LIMITED-U74900PN2008PTC132675 提取成功
2025-09-23 16:29:45,599 - INFO - 详情页 https://www.zaubacorp.com/INDISOFT-CONSULTANCY-SERVICES-PRIVATE-LIMITED-U72200MH1999PTC118422 提取成功
2025-09-23 16:29:49,666 - INFO - 详情页 https://www.zaubacorp.com/MADHUVANKIDS-PLAYWAY-EDUCATION-PRIVATE-LIMITED-U80903JK2020PTC011337 提取成功
2025-09-23 16:30:18,330 - INFO - 详情页 https://www.zaubacorp.com/BEE-MART-BUSINESS-SOLUTIONS-PRIVATE-LIMITED-U72200KA2015PTC083822 提取成功
2025-09-23 16:30:18,332 - INFO - 详情页 https://www.zaubacorp.com/INDUSTECH-WALLS-PRIVATE-LIMITED-U70109KA2017PTC107594 提取成功
2025-09-23 16:30:19,634 - INFO - 详情页 https://www.zaubacorp.com/VEERRUDRA-FOUNDATION-U80904MH2018NPL318478 提取成功
2025-09-23 16:30:37,285 - INFO - 详情页 https://www.zaubacorp.com/SHRI-KRISHNA-INFRAZONE-PRIVATE-LIMITED-U70102UP2013PTC058746 提取成功
2025-09-23 16:30:38,691 - INFO - 详情页 https://www.zaubacorp.com/VRINDAVAN-BUILDERS-PRIVATE-LIMITED-U70101NL1999PTC005796 提取成功
2025-09-23 16:30:43,802 - INFO - 详情页 https://www.zaubacorp.com/VIRUTCHAM-MICROFINANCE-LIMITED-U65929TN2008PLC068502 提取成功
2025-09-23 16:31:13,597 - INFO - 详情页 https://www.zaubacorp.com/LEAD-NEXT-ADVISORY-PRIVATE-LIMITED-U74999DL2016PTC300337 提取成功
2025-09-23 16:31:13,742 - INFO - 详情页 https://www.zaubacorp.com/CLV-FASHION-PRIVATE-LIMITED-U74999UP2018PTC102214 提取成功
2025-09-23 16:31:13,858 - INFO - 详情页 https://www.zaubacorp.com/PROMISE-SECURITRIES-&-CREDITS-PRIVATE-LIMITED-U65921DL1994PTC057469 提取成功
2025-09-23 16:31:41,862 - INFO - 详情页 https://www.zaubacorp.com/LEARNING-WORLD-EDUCATION-SOLUTIONS-PRIVATE-LIMITED-U80300HR2012PTC045866 提取成功
2025-09-23 16:31:42,043 - INFO - 详情页 https://www.zaubacorp.com/KAYRA-HOMES-BUILDERS-&-PROMOTERS-PRIVATE-LIMITED-U70109PB2021PTC052623 提取成功
2025-09-23 16:31:47,469 - INFO - 详情页 https://www.zaubacorp.com/AGROPOLIS-FOOD-SUPPLIERS-PRIVATE-LIMITED-U51909GJ2020PTC117268 提取成功
2025-09-23 16:32:04,705 - INFO - 详情页 https://www.zaubacorp.com/OLYDAYZ-TRAVEL-SOLUTIONS-PRIVATE-LIMITED-U63090OR2018PTC028324 提取成功
2025-09-23 16:32:04,723 - INFO - 详情页 https://www.zaubacorp.com/PEE-EES-BUILDTECH-PRIVATE-LIMITED-U45200DL2006PTC146048 提取成功
2025-09-23 16:32:10,640 - INFO - 详情页 https://www.zaubacorp.com/PRIME-TRADECOMM-PRIVATE-LIMITED-U51909WB2007PTC114754 提取成功
2025-09-23 16:32:26,951 - INFO - 详情页 https://www.zaubacorp.com/LOGISTIC-CURATOR-INDIA-PRIVATE-LIMITED-U63090UP2012PTC051897 提取成功
2025-09-23 16:32:26,976 - INFO - 详情页 https://www.zaubacorp.com/POWERKING-VENTURES-PRIVATE-LIMITED-U45200MP2019PTC048534 提取成功
2025-09-23 16:32:41,906 - INFO - 详情页 https://www.zaubacorp.com/ADASTRA-INFRATECH-PRIVATE-LIMITED-U70109UP2019PTC125127 提取成功
2025-09-23 16:32:54,681 - INFO - 详情页 https://www.zaubacorp.com/RURAL-AIDS-PRIVATE-LIMITED-U92100MH1965PTC013227 提取成功
2025-09-23 16:32:58,042 - INFO - 详情页 https://www.zaubacorp.com/ROY-AND-MITRA-BUSINESS-PRIVATE-LIMITED-U52601WB2020PTC239837 提取成功
2025-09-23 16:33:07,465 - INFO - 详情页 https://www.zaubacorp.com/SUPER-KATTHA-INDUSTRIES-PRIVATE-LIMITED-U74899DL1988PTC031925 提取成功
2025-09-23 16:33:24,638 - INFO - 详情页 https://www.zaubacorp.com/ANJOR-SOFTWARES-(OPC)-PRIVATE-LIMITED-U72900UP2016OPC085796 提取成功
2025-09-23 16:33:37,130 - INFO - 详情页 https://www.zaubacorp.com/GOAT-CODERS-PRIVATE-LIMITED-U72900MP2021PTC054525 提取成功
2025-09-23 16:33:47,449 - INFO - 详情页 https://www.zaubacorp.com/KOTRAKSHI-AYURVEDA-PRIVATE-LIMITED-U74999RJ2018PTC060628 提取成功
2025-09-23 16:33:58,063 - INFO - 详情页 https://www.zaubacorp.com/CHANDRAVATI-DEVELOPERS-PRIVATE-LIMITED-U70102UP2010PTC039459 提取成功
2025-09-23 16:33:58,325 - INFO - 详情页 https://www.zaubacorp.com/SPOORTHI-PROPERTIES-PRIVATE-LIMITED-U70109KA2014PTC074787 提取成功
2025-09-23 16:34:23,886 - INFO - 详情页 https://www.zaubacorp.com/TRIUNE-REALITY-PRIVATE-LIMITED-U70109TG2018PTC128850 提取成功
2025-09-23 16:34:28,274 - INFO - 详情页 https://www.zaubacorp.com/ISMIR-OCEANS-PRIVATE-LIMITED-U70109TN2019PTC127828 提取成功
2025-09-23 16:34:29,335 - INFO - 详情页 https://www.zaubacorp.com/ABHIYAN-CARGO-PRIVATE-LIMITED-U63011WB2000PTC092628 提取成功
2025-09-23 16:34:40,965 - INFO - 详情页 https://www.zaubacorp.com/KYNADI-HOSPITALITIES-PRIVATE-LIMITED-U74999KL2011PTC028484 提取成功
2025-09-23 16:34:41,045 - INFO - 详情页 https://www.zaubacorp.com/FASHION-TV-INDIA-PRIVATE-LIMITED-U92490MH2019PTC335250 提取成功
2025-09-23 16:34:51,855 - INFO - 详情页 https://www.zaubacorp.com/TOSS-DEVELOPERS-PRIVATE-LIMITED-U45202UP2014PTC063968 提取成功
2025-09-23 16:35:16,071 - INFO - 详情页 https://www.zaubacorp.com/GOLDEN-HORSE-TRANSPORT-PRIVATE-LIMITED-U74999UP2018PTC103961 提取成功
2025-09-23 16:35:18,357 - INFO - 导出150条记录到active_companies_with_details.xlsx
2025-09-23 16:52:49,108 - ERROR - 第1页（requests）第1次尝试失败: 403 Client Error: Forbidden for url: https://www.zaubacorp.com/companies-list/status-Active/p-1-company.html
2025-09-23 16:52:50,582 - ERROR - 第1页（requests）第2次尝试失败: 403 Client Error: Forbidden for url: https://www.zaubacorp.com/companies-list/status-Active/p-1-company.html
2025-09-23 16:52:53,089 - ERROR - 第1页（requests）第3次尝试失败: 403 Client Error: Forbidden for url: https://www.zaubacorp.com/companies-list/status-Active/p-1-company.html
2025-09-23 16:52:53,089 - INFO - 第1页切换到Selenium模式
2025-09-23 16:53:02,147 - INFO - 第1页（Selenium）爬取到30条记录
2025-09-23 16:53:02,704 - ERROR - 详情页 https://www.zaubacorp.com/VIPANI-ONLINE-SHOPPING-PORTAL-LLP-AAF-8155（requests）第1次尝试失败: 403 Client Error: Forbidden for url: https://www.zaubacorp.com/VIPANI-ONLINE-SHOPPING-PORTAL-LLP-AAF-8155
2025-09-23 16:53:02,779 - ERROR - 详情页 https://www.zaubacorp.com/PACIFIC-INFRABUILD-LLP-AAE-6126（requests）第1次尝试失败: 403 Client Error: Forbidden for url: https://www.zaubacorp.com/PACIFIC-INFRABUILD-LLP-AAE-6126
2025-09-23 16:53:02,797 - ERROR - 详情页 https://www.zaubacorp.com/AFFAIRS-EVENT-MANAGEMENT-LLP-AAF-1027（requests）第1次尝试失败: 403 Client Error: Forbidden for url: https://www.zaubacorp.com/AFFAIRS-EVENT-MANAGEMENT-LLP-AAF-1027
2025-09-23 16:53:04,205 - ERROR - 详情页 https://www.zaubacorp.com/VIPANI-ONLINE-SHOPPING-PORTAL-LLP-AAF-8155（requests）第2次尝试失败: 403 Client Error: Forbidden for url: https://www.zaubacorp.com/VIPANI-ONLINE-SHOPPING-PORTAL-LLP-AAF-8155
2025-09-23 16:53:04,309 - ERROR - 详情页 https://www.zaubacorp.com/AFFAIRS-EVENT-MANAGEMENT-LLP-AAF-1027（requests）第2次尝试失败: 403 Client Error: Forbidden for url: https://www.zaubacorp.com/AFFAIRS-EVENT-MANAGEMENT-LLP-AAF-1027
2025-09-23 16:53:04,572 - ERROR - 详情页 https://www.zaubacorp.com/PACIFIC-INFRABUILD-LLP-AAE-6126（requests）第2次尝试失败: 403 Client Error: Forbidden for url: https://www.zaubacorp.com/PACIFIC-INFRABUILD-LLP-AAE-6126
2025-09-23 16:53:06,691 - ERROR - 详情页 https://www.zaubacorp.com/AFFAIRS-EVENT-MANAGEMENT-LLP-AAF-1027（requests）第3次尝试失败: 403 Client Error: Forbidden for url: https://www.zaubacorp.com/AFFAIRS-EVENT-MANAGEMENT-LLP-AAF-1027
2025-09-23 16:53:06,691 - INFO - 详情页 https://www.zaubacorp.com/AFFAIRS-EVENT-MANAGEMENT-LLP-AAF-1027 切换到Selenium模式
2025-09-23 16:53:06,726 - ERROR - 详情页 https://www.zaubacorp.com/VIPANI-ONLINE-SHOPPING-PORTAL-LLP-AAF-8155（requests）第3次尝试失败: 403 Client Error: Forbidden for url: https://www.zaubacorp.com/VIPANI-ONLINE-SHOPPING-PORTAL-LLP-AAF-8155
2025-09-23 16:53:06,726 - INFO - 详情页 https://www.zaubacorp.com/VIPANI-ONLINE-SHOPPING-PORTAL-LLP-AAF-8155 切换到Selenium模式
2025-09-23 16:53:07,129 - ERROR - 详情页 https://www.zaubacorp.com/PACIFIC-INFRABUILD-LLP-AAE-6126（requests）第3次尝试失败: 403 Client Error: Forbidden for url: https://www.zaubacorp.com/PACIFIC-INFRABUILD-LLP-AAE-6126
2025-09-23 16:53:07,130 - INFO - 详情页 https://www.zaubacorp.com/PACIFIC-INFRABUILD-LLP-AAE-6126 切换到Selenium模式
2025-09-23 16:53:21,241 - INFO - 详情页 https://www.zaubacorp.com/AFFAIRS-EVENT-MANAGEMENT-LLP-AAF-1027（Selenium）提取Email: apurvavohra9@gmail.comWebsite
2025-09-23 16:53:21,241 - INFO - 详情页 https://www.zaubacorp.com/AFFAIRS-EVENT-MANAGEMENT-LLP-AAF-1027（Selenium）提取成功
2025-09-23 16:53:21,445 - INFO - 详情页 https://www.zaubacorp.com/PACIFIC-INFRABUILD-LLP-AAE-6126（Selenium）提取Email: jainvarun23@hotmail.comWebsite
2025-09-23 16:53:21,445 - INFO - 详情页 https://www.zaubacorp.com/PACIFIC-INFRABUILD-LLP-AAE-6126（Selenium）提取成功
2025-09-23 16:53:21,778 - ERROR - 详情页 https://www.zaubacorp.com/ARMADILLO-REALTY-LLP-AAF-9145（requests）第1次尝试失败: 403 Client Error: Forbidden for url: https://www.zaubacorp.com/ARMADILLO-REALTY-LLP-AAF-9145
2025-09-23 16:53:21,929 - ERROR - 详情页 https://www.zaubacorp.com/AJAY-AGGARWAL-PROPERTIES-LLP-AAG-0314（requests）第1次尝试失败: 403 Client Error: Forbidden for url: https://www.zaubacorp.com/AJAY-AGGARWAL-PROPERTIES-LLP-AAG-0314
2025-09-23 16:53:23,110 - INFO - 详情页 https://www.zaubacorp.com/VIPANI-ONLINE-SHOPPING-PORTAL-LLP-AAF-8155（Selenium）提取Email: vinodinkeralam@gmail.comWebsite
2025-09-23 16:53:23,110 - INFO - 详情页 https://www.zaubacorp.com/VIPANI-ONLINE-SHOPPING-PORTAL-LLP-AAF-8155（Selenium）提取成功
2025-09-23 16:53:23,161 - ERROR - 详情页 https://www.zaubacorp.com/ARMADILLO-REALTY-LLP-AAF-9145（requests）第2次尝试失败: 403 Client Error: Forbidden for url: https://www.zaubacorp.com/ARMADILLO-REALTY-LLP-AAF-9145
2025-09-23 16:53:23,346 - ERROR - 详情页 https://www.zaubacorp.com/AJAY-AGGARWAL-PROPERTIES-LLP-AAG-0314（requests）第2次尝试失败: 403 Client Error: Forbidden for url: https://www.zaubacorp.com/AJAY-AGGARWAL-PROPERTIES-LLP-AAG-0314
2025-09-23 16:53:23,617 - ERROR - 详情页 https://www.zaubacorp.com/BEFREE-BUSINESS-RESOURCING-LLP-AAG-4170（requests）第1次尝试失败: 403 Client Error: Forbidden for url: https://www.zaubacorp.com/BEFREE-BUSINESS-RESOURCING-LLP-AAG-4170
2025-09-23 16:53:25,199 - ERROR - 详情页 https://www.zaubacorp.com/BEFREE-BUSINESS-RESOURCING-LLP-AAG-4170（requests）第2次尝试失败: 403 Client Error: Forbidden for url: https://www.zaubacorp.com/BEFREE-BUSINESS-RESOURCING-LLP-AAG-4170
2025-09-23 16:53:25,716 - ERROR - 详情页 https://www.zaubacorp.com/AJAY-AGGARWAL-PROPERTIES-LLP-AAG-0314（requests）第3次尝试失败: 403 Client Error: Forbidden for url: https://www.zaubacorp.com/AJAY-AGGARWAL-PROPERTIES-LLP-AAG-0314
2025-09-23 16:53:25,716 - INFO - 详情页 https://www.zaubacorp.com/AJAY-AGGARWAL-PROPERTIES-LLP-AAG-0314 切换到Selenium模式
2025-09-23 16:53:25,760 - ERROR - 详情页 https://www.zaubacorp.com/ARMADILLO-REALTY-LLP-AAF-9145（requests）第3次尝试失败: 403 Client Error: Forbidden for url: https://www.zaubacorp.com/ARMADILLO-REALTY-LLP-AAF-9145
2025-09-23 16:53:25,760 - INFO - 详情页 https://www.zaubacorp.com/ARMADILLO-REALTY-LLP-AAF-9145 切换到Selenium模式
2025-09-23 16:53:27,670 - ERROR - 详情页 https://www.zaubacorp.com/BEFREE-BUSINESS-RESOURCING-LLP-AAG-4170（requests）第3次尝试失败: 403 Client Error: Forbidden for url: https://www.zaubacorp.com/BEFREE-BUSINESS-RESOURCING-LLP-AAG-4170
2025-09-23 16:53:27,670 - INFO - 详情页 https://www.zaubacorp.com/BEFREE-BUSINESS-RESOURCING-LLP-AAG-4170 切换到Selenium模式
2025-09-23 16:53:30,754 - INFO - 详情页 https://www.zaubacorp.com/AJAY-AGGARWAL-PROPERTIES-LLP-AAG-0314（Selenium）提取Email: dept2007@rediffmail.comWebsite
2025-09-23 16:53:30,754 - INFO - 详情页 https://www.zaubacorp.com/AJAY-AGGARWAL-PROPERTIES-LLP-AAG-0314（Selenium）提取成功
2025-09-23 16:53:31,184 - ERROR - 详情页 https://www.zaubacorp.com/SIS-MERCHANTILE-INDIA-LLP-AAG-4211（requests）第1次尝试失败: 403 Client Error: Forbidden for url: https://www.zaubacorp.com/SIS-MERCHANTILE-INDIA-LLP-AAG-4211
2025-09-23 16:53:37,678 - ERROR - 详情页 https://www.zaubacorp.com/SIS-MERCHANTILE-INDIA-LLP-AAG-4211（requests）第2次尝试失败: 403 Client Error: Forbidden for url: https://www.zaubacorp.com/SIS-MERCHANTILE-INDIA-LLP-AAG-4211
2025-09-23 16:53:44,131 - INFO - 详情页 https://www.zaubacorp.com/ARMADILLO-REALTY-LLP-AAF-9145（Selenium）提取Email: hsecretarial@rediffmail.comWebsite
2025-09-23 16:53:44,131 - INFO - 详情页 https://www.zaubacorp.com/ARMADILLO-REALTY-LLP-AAF-9145（Selenium）提取成功
2025-09-23 16:53:45,146 - ERROR - 详情页 https://www.zaubacorp.com/VIRAT-PROMOTERS-LLP-AAG-4332（requests）第1次尝试失败: 403 Client Error: Forbidden for url: https://www.zaubacorp.com/VIRAT-PROMOTERS-LLP-AAG-4332
2025-09-23 16:53:45,174 - ERROR - 详情页 https://www.zaubacorp.com/SIS-MERCHANTILE-INDIA-LLP-AAG-4211（requests）第3次尝试失败: 403 Client Error: Forbidden for url: https://www.zaubacorp.com/SIS-MERCHANTILE-INDIA-LLP-AAG-4211
2025-09-23 16:53:45,175 - INFO - 详情页 https://www.zaubacorp.com/SIS-MERCHANTILE-INDIA-LLP-AAG-4211 切换到Selenium模式
2025-09-23 16:53:49,831 - INFO - 详情页 https://www.zaubacorp.com/BEFREE-BUSINESS-RESOURCING-LLP-AAG-4170（Selenium）提取Email: jigneshk@befree.com.auWebsite
2025-09-23 16:53:49,831 - INFO - 详情页 https://www.zaubacorp.com/BEFREE-BUSINESS-RESOURCING-LLP-AAG-4170（Selenium）提取成功
2025-09-23 16:53:51,434 - ERROR - 详情页 https://www.zaubacorp.com/VIRAT-PROMOTERS-LLP-AAG-4332（requests）第2次尝试失败: 403 Client Error: Forbidden for url: https://www.zaubacorp.com/VIRAT-PROMOTERS-LLP-AAG-4332
2025-09-23 16:53:51,434 - ERROR - 详情页 https://www.zaubacorp.com/SRI-KRISHNA-FREEHOLD-LLP-AAF-2865（requests）第1次尝试失败: 403 Client Error: Forbidden for url: https://www.zaubacorp.com/SRI-KRISHNA-FREEHOLD-LLP-AAF-2865
2025-09-23 16:53:56,672 - ERROR - 详情页 https://www.zaubacorp.com/VIRAT-PROMOTERS-LLP-AAG-4332（requests）第3次尝试失败: 403 Client Error: Forbidden for url: https://www.zaubacorp.com/VIRAT-PROMOTERS-LLP-AAG-4332
2025-09-23 16:53:56,672 - INFO - 详情页 https://www.zaubacorp.com/VIRAT-PROMOTERS-LLP-AAG-4332 切换到Selenium模式
2025-09-23 16:53:56,707 - ERROR - 详情页 https://www.zaubacorp.com/SRI-KRISHNA-FREEHOLD-LLP-AAF-2865（requests）第2次尝试失败: 403 Client Error: Forbidden for url: https://www.zaubacorp.com/SRI-KRISHNA-FREEHOLD-LLP-AAF-2865
2025-09-23 16:54:02,520 - ERROR - 详情页 https://www.zaubacorp.com/SRI-KRISHNA-FREEHOLD-LLP-AAF-2865（requests）第3次尝试失败: 403 Client Error: Forbidden for url: https://www.zaubacorp.com/SRI-KRISHNA-FREEHOLD-LLP-AAF-2865
2025-09-23 16:54:02,520 - INFO - 详情页 https://www.zaubacorp.com/SRI-KRISHNA-FREEHOLD-LLP-AAF-2865 切换到Selenium模式
2025-09-23 16:54:21,832 - INFO - 详情页 https://www.zaubacorp.com/VIRAT-PROMOTERS-LLP-AAG-4332（Selenium）提取Email: rakesh.k.gupta@hotmail.comWebsite
2025-09-23 16:54:21,833 - INFO - 详情页 https://www.zaubacorp.com/VIRAT-PROMOTERS-LLP-AAG-4332（Selenium）提取成功
2025-09-23 16:54:22,301 - INFO - 详情页 https://www.zaubacorp.com/SRI-KRISHNA-FREEHOLD-LLP-AAF-2865（Selenium）提取Email: INFO@ASIATAXZONE.COMWebsite
2025-09-23 16:54:22,301 - INFO - 详情页 https://www.zaubacorp.com/SRI-KRISHNA-FREEHOLD-LLP-AAF-2865（Selenium）提取成功
2025-09-23 16:54:27,564 - ERROR - 详情页 https://www.zaubacorp.com/SOLSKEN-ENERGY-LLP-AAF-1860（requests）第1次尝试失败: 403 Client Error: Forbidden for url: https://www.zaubacorp.com/SOLSKEN-ENERGY-LLP-AAF-1860
2025-09-23 16:54:27,566 - ERROR - 详情页 https://www.zaubacorp.com/REINA-CONSULTING-LLP-AAE-9623（requests）第1次尝试失败: 403 Client Error: Forbidden for url: https://www.zaubacorp.com/REINA-CONSULTING-LLP-AAE-9623
2025-09-23 16:54:29,142 - WARNING - 详情页 https://www.zaubacorp.com/SIS-MERCHANTILE-INDIA-LLP-AAG-4211（Selenium）未找到Contact Details部分
2025-09-23 16:54:29,142 - INFO - 详情页 https://www.zaubacorp.com/SIS-MERCHANTILE-INDIA-LLP-AAG-4211（Selenium）提取成功
2025-09-23 16:54:33,906 - ERROR - 详情页 https://www.zaubacorp.com/SOLSKEN-ENERGY-LLP-AAF-1860（requests）第2次尝试失败: 403 Client Error: Forbidden for url: https://www.zaubacorp.com/SOLSKEN-ENERGY-LLP-AAF-1860
2025-09-23 16:54:33,918 - ERROR - 详情页 https://www.zaubacorp.com/SAFARI-BIKES-PRIVATE-LIMITED-U35921PB1995PTC017379（requests）第1次尝试失败: 403 Client Error: Forbidden for url: https://www.zaubacorp.com/SAFARI-BIKES-PRIVATE-LIMITED-U35921PB1995PTC017379
2025-09-23 16:54:33,927 - ERROR - 详情页 https://www.zaubacorp.com/REINA-CONSULTING-LLP-AAE-9623（requests）第2次尝试失败: 403 Client Error: Forbidden for url: https://www.zaubacorp.com/REINA-CONSULTING-LLP-AAE-9623
2025-09-23 16:54:35,477 - ERROR - 详情页 https://www.zaubacorp.com/SAFARI-BIKES-PRIVATE-LIMITED-U35921PB1995PTC017379（requests）第2次尝试失败: 403 Client Error: Forbidden for url: https://www.zaubacorp.com/SAFARI-BIKES-PRIVATE-LIMITED-U35921PB1995PTC017379
2025-09-23 16:54:37,971 - ERROR - 详情页 https://www.zaubacorp.com/SAFARI-BIKES-PRIVATE-LIMITED-U35921PB1995PTC017379（requests）第3次尝试失败: 403 Client Error: Forbidden for url: https://www.zaubacorp.com/SAFARI-BIKES-PRIVATE-LIMITED-U35921PB1995PTC017379
2025-09-23 16:54:37,972 - INFO - 详情页 https://www.zaubacorp.com/SAFARI-BIKES-PRIVATE-LIMITED-U35921PB1995PTC017379 切换到Selenium模式
2025-09-23 16:54:38,699 - ERROR - 详情页 https://www.zaubacorp.com/SOLSKEN-ENERGY-LLP-AAF-1860（requests）第3次尝试失败: 403 Client Error: Forbidden for url: https://www.zaubacorp.com/SOLSKEN-ENERGY-LLP-AAF-1860
2025-09-23 16:54:38,700 - INFO - 详情页 https://www.zaubacorp.com/SOLSKEN-ENERGY-LLP-AAF-1860 切换到Selenium模式
2025-09-23 16:54:39,407 - ERROR - 详情页 https://www.zaubacorp.com/REINA-CONSULTING-LLP-AAE-9623（requests）第3次尝试失败: 403 Client Error: Forbidden for url: https://www.zaubacorp.com/REINA-CONSULTING-LLP-AAE-9623
2025-09-23 16:54:39,408 - INFO - 详情页 https://www.zaubacorp.com/REINA-CONSULTING-LLP-AAE-9623 切换到Selenium模式
2025-09-23 16:55:21,050 - INFO - 详情页 https://www.zaubacorp.com/SAFARI-BIKES-PRIVATE-LIMITED-U35921PB1995PTC017379（Selenium）提取Email: exports@safaribikes.comWebsite
2025-09-23 16:55:21,050 - INFO - 详情页 https://www.zaubacorp.com/SAFARI-BIKES-PRIVATE-LIMITED-U35921PB1995PTC017379（Selenium）提取成功
2025-09-23 16:55:21,362 - INFO - 详情页 https://www.zaubacorp.com/REINA-CONSULTING-LLP-AAE-9623（Selenium）提取Email: aroradeepak10@gmail.comWebsite
2025-09-23 16:55:21,362 - INFO - 详情页 https://www.zaubacorp.com/REINA-CONSULTING-LLP-AAE-9623（Selenium）提取成功
2025-09-23 16:55:21,962 - INFO - 详情页 https://www.zaubacorp.com/SOLSKEN-ENERGY-LLP-AAF-1860（Selenium）提取Email: akshchat17@gmail.comWebsite
2025-09-23 16:55:21,963 - INFO - 详情页 https://www.zaubacorp.com/SOLSKEN-ENERGY-LLP-AAF-1860（Selenium）提取成功
2025-09-23 16:55:26,735 - ERROR - 详情页 https://www.zaubacorp.com/SUPREME-HEATREATERS-PVT-LTD-U99999MH1987PTC043205（requests）第1次尝试失败: 403 Client Error: Forbidden for url: https://www.zaubacorp.com/SUPREME-HEATREATERS-PVT-LTD-U99999MH1987PTC043205
2025-09-23 16:55:26,749 - ERROR - 详情页 https://www.zaubacorp.com/PWC-STRATEGY&-(INDIA)-PRIVATE-LIMITED-U74990MH2009FTC194075（requests）第1次尝试失败: 403 Client Error: Forbidden for url: https://www.zaubacorp.com/PWC-STRATEGY&-(INDIA)-PRIVATE-LIMITED-U74990MH2009FTC194075
2025-09-23 16:55:26,751 - ERROR - 详情页 https://www.zaubacorp.com/AKHEALTH-BUSINESS-SOLUTION-PRIVATE-LIMITED-U74999PN2017PTC172044（requests）第1次尝试失败: 403 Client Error: Forbidden for url: https://www.zaubacorp.com/AKHEALTH-BUSINESS-SOLUTION-PRIVATE-LIMITED-U74999PN2017PTC172044
2025-09-23 16:55:33,452 - ERROR - 详情页 https://www.zaubacorp.com/SUPREME-HEATREATERS-PVT-LTD-U99999MH1987PTC043205（requests）第2次尝试失败: 403 Client Error: Forbidden for url: https://www.zaubacorp.com/SUPREME-HEATREATERS-PVT-LTD-U99999MH1987PTC043205
2025-09-23 16:55:33,546 - ERROR - 详情页 https://www.zaubacorp.com/PWC-STRATEGY&-(INDIA)-PRIVATE-LIMITED-U74990MH2009FTC194075（requests）第2次尝试失败: 403 Client Error: Forbidden for url: https://www.zaubacorp.com/PWC-STRATEGY&-(INDIA)-PRIVATE-LIMITED-U74990MH2009FTC194075
2025-09-23 16:55:33,546 - ERROR - 详情页 https://www.zaubacorp.com/AKHEALTH-BUSINESS-SOLUTION-PRIVATE-LIMITED-U74999PN2017PTC172044（requests）第2次尝试失败: 403 Client Error: Forbidden for url: https://www.zaubacorp.com/AKHEALTH-BUSINESS-SOLUTION-PRIVATE-LIMITED-U74999PN2017PTC172044
2025-09-23 16:55:40,880 - ERROR - 详情页 https://www.zaubacorp.com/SUPREME-HEATREATERS-PVT-LTD-U99999MH1987PTC043205（requests）第3次尝试失败: 403 Client Error: Forbidden for url: https://www.zaubacorp.com/SUPREME-HEATREATERS-PVT-LTD-U99999MH1987PTC043205
2025-09-23 16:55:40,881 - INFO - 详情页 https://www.zaubacorp.com/SUPREME-HEATREATERS-PVT-LTD-U99999MH1987PTC043205 切换到Selenium模式
2025-09-23 16:55:40,902 - ERROR - 详情页 https://www.zaubacorp.com/AKHEALTH-BUSINESS-SOLUTION-PRIVATE-LIMITED-U74999PN2017PTC172044（requests）第3次尝试失败: 403 Client Error: Forbidden for url: https://www.zaubacorp.com/AKHEALTH-BUSINESS-SOLUTION-PRIVATE-LIMITED-U74999PN2017PTC172044
2025-09-23 16:55:40,902 - INFO - 详情页 https://www.zaubacorp.com/AKHEALTH-BUSINESS-SOLUTION-PRIVATE-LIMITED-U74999PN2017PTC172044 切换到Selenium模式
2025-09-23 16:55:40,908 - ERROR - 详情页 https://www.zaubacorp.com/PWC-STRATEGY&-(INDIA)-PRIVATE-LIMITED-U74990MH2009FTC194075（requests）第3次尝试失败: 403 Client Error: Forbidden for url: https://www.zaubacorp.com/PWC-STRATEGY&-(INDIA)-PRIVATE-LIMITED-U74990MH2009FTC194075
2025-09-23 16:55:40,908 - INFO - 详情页 https://www.zaubacorp.com/PWC-STRATEGY&-(INDIA)-PRIVATE-LIMITED-U74990MH2009FTC194075 切换到Selenium模式
2025-09-23 16:56:02,700 - INFO - 详情页 https://www.zaubacorp.com/AKHEALTH-BUSINESS-SOLUTION-PRIVATE-LIMITED-U74999PN2017PTC172044（Selenium）提取Email: ashish.coding@gmail.comWebsite
2025-09-23 16:56:02,700 - INFO - 详情页 https://www.zaubacorp.com/AKHEALTH-BUSINESS-SOLUTION-PRIVATE-LIMITED-U74999PN2017PTC172044（Selenium）提取成功
2025-09-23 16:56:03,275 - ERROR - 详情页 https://www.zaubacorp.com/PROLOGY-IT-SOLUTIONS-PRIVATE-LIMITED-U74120MH2014PTC258481（requests）第1次尝试失败: 403 Client Error: Forbidden for url: https://www.zaubacorp.com/PROLOGY-IT-SOLUTIONS-PRIVATE-LIMITED-U74120MH2014PTC258481
2025-09-23 16:56:04,724 - ERROR - 详情页 https://www.zaubacorp.com/PROLOGY-IT-SOLUTIONS-PRIVATE-LIMITED-U74120MH2014PTC258481（requests）第2次尝试失败: 403 Client Error: Forbidden for url: https://www.zaubacorp.com/PROLOGY-IT-SOLUTIONS-PRIVATE-LIMITED-U74120MH2014PTC258481
2025-09-23 16:56:07,119 - ERROR - 详情页 https://www.zaubacorp.com/PROLOGY-IT-SOLUTIONS-PRIVATE-LIMITED-U74120MH2014PTC258481（requests）第3次尝试失败: 403 Client Error: Forbidden for url: https://www.zaubacorp.com/PROLOGY-IT-SOLUTIONS-PRIVATE-LIMITED-U74120MH2014PTC258481
2025-09-23 16:56:07,119 - INFO - 详情页 https://www.zaubacorp.com/PROLOGY-IT-SOLUTIONS-PRIVATE-LIMITED-U74120MH2014PTC258481 切换到Selenium模式
2025-09-23 16:56:07,236 - INFO - 详情页 https://www.zaubacorp.com/SUPREME-HEATREATERS-PVT-LTD-U99999MH1987PTC043205（Selenium）提取Email: cs@supremesteels.comWebsite
2025-09-23 16:56:07,236 - INFO - 详情页 https://www.zaubacorp.com/SUPREME-HEATREATERS-PVT-LTD-U99999MH1987PTC043205（Selenium）提取成功
2025-09-23 16:56:07,730 - ERROR - 详情页 https://www.zaubacorp.com/RADIOHMS-AGENCIES-PRIVATE-LIMITED-U51100MH2005PTC150698（requests）第1次尝试失败: 403 Client Error: Forbidden for url: https://www.zaubacorp.com/RADIOHMS-AGENCIES-PRIVATE-LIMITED-U51100MH2005PTC150698
2025-09-23 16:56:09,233 - ERROR - 详情页 https://www.zaubacorp.com/RADIOHMS-AGENCIES-PRIVATE-LIMITED-U51100MH2005PTC150698（requests）第2次尝试失败: 403 Client Error: Forbidden for url: https://www.zaubacorp.com/RADIOHMS-AGENCIES-PRIVATE-LIMITED-U51100MH2005PTC150698
2025-09-23 16:56:10,218 - INFO - 详情页 https://www.zaubacorp.com/PWC-STRATEGY&-(INDIA)-PRIVATE-LIMITED-U74990MH2009FTC194075（Selenium）提取Email: nilesh.narwekar@strategyand.in.pwc.comWebsite
2025-09-23 16:56:10,219 - INFO - 详情页 https://www.zaubacorp.com/PWC-STRATEGY&-(INDIA)-PRIVATE-LIMITED-U74990MH2009FTC194075（Selenium）提取成功
2025-09-23 16:56:11,749 - ERROR - 详情页 https://www.zaubacorp.com/RADIOHMS-AGENCIES-PRIVATE-LIMITED-U51100MH2005PTC150698（requests）第3次尝试失败: 403 Client Error: Forbidden for url: https://www.zaubacorp.com/RADIOHMS-AGENCIES-PRIVATE-LIMITED-U51100MH2005PTC150698
2025-09-23 16:56:11,749 - INFO - 详情页 https://www.zaubacorp.com/RADIOHMS-AGENCIES-PRIVATE-LIMITED-U51100MH2005PTC150698 切换到Selenium模式
2025-09-23 16:56:11,896 - ERROR - 详情页 https://www.zaubacorp.com/BLUE-CIRCLE-ORGANICS-PRIVATE-LIMITED-U24299MH2003PTC139929（requests）第1次尝试失败: 403 Client Error: Forbidden for url: https://www.zaubacorp.com/BLUE-CIRCLE-ORGANICS-PRIVATE-LIMITED-U24299MH2003PTC139929
2025-09-23 16:56:13,297 - ERROR - 详情页 https://www.zaubacorp.com/BLUE-CIRCLE-ORGANICS-PRIVATE-LIMITED-U24299MH2003PTC139929（requests）第2次尝试失败: 403 Client Error: Forbidden for url: https://www.zaubacorp.com/BLUE-CIRCLE-ORGANICS-PRIVATE-LIMITED-U24299MH2003PTC139929
2025-09-23 16:56:15,799 - ERROR - 详情页 https://www.zaubacorp.com/BLUE-CIRCLE-ORGANICS-PRIVATE-LIMITED-U24299MH2003PTC139929（requests）第3次尝试失败: 403 Client Error: Forbidden for url: https://www.zaubacorp.com/BLUE-CIRCLE-ORGANICS-PRIVATE-LIMITED-U24299MH2003PTC139929
2025-09-23 16:56:15,800 - INFO - 详情页 https://www.zaubacorp.com/BLUE-CIRCLE-ORGANICS-PRIVATE-LIMITED-U24299MH2003PTC139929 切换到Selenium模式
2025-09-23 16:56:19,873 - INFO - 详情页 https://www.zaubacorp.com/PROLOGY-IT-SOLUTIONS-PRIVATE-LIMITED-U74120MH2014PTC258481（Selenium）提取Email: mequisyssolution@gmail.comWebsite
2025-09-23 16:56:19,873 - INFO - 详情页 https://www.zaubacorp.com/PROLOGY-IT-SOLUTIONS-PRIVATE-LIMITED-U74120MH2014PTC258481（Selenium）提取成功
2025-09-23 16:56:20,691 - ERROR - 详情页 https://www.zaubacorp.com/VISHWAKARMA-TREXIM-PVT.-LTD.-U51109WB1994PTC062270（requests）第1次尝试失败: 403 Client Error: Forbidden for url: https://www.zaubacorp.com/VISHWAKARMA-TREXIM-PVT.-LTD.-U51109WB1994PTC062270
2025-09-23 16:56:20,727 - INFO - 详情页 https://www.zaubacorp.com/RADIOHMS-AGENCIES-PRIVATE-LIMITED-U51100MH2005PTC150698（Selenium）提取Email: pradeepkunmun@gmail.comWebsite
2025-09-23 16:56:20,727 - INFO - 详情页 https://www.zaubacorp.com/RADIOHMS-AGENCIES-PRIVATE-LIMITED-U51100MH2005PTC150698（Selenium）提取成功
2025-09-23 16:56:21,308 - ERROR - 详情页 https://www.zaubacorp.com/ANANYA-INVESTMENTS-PRIVATE-LIMITED-U65990GJ1980PTC003888（requests）第1次尝试失败: 403 Client Error: Forbidden for url: https://www.zaubacorp.com/ANANYA-INVESTMENTS-PRIVATE-LIMITED-U65990GJ1980PTC003888
2025-09-23 16:56:22,128 - ERROR - 详情页 https://www.zaubacorp.com/VISHWAKARMA-TREXIM-PVT.-LTD.-U51109WB1994PTC062270（requests）第2次尝试失败: 403 Client Error: Forbidden for url: https://www.zaubacorp.com/VISHWAKARMA-TREXIM-PVT.-LTD.-U51109WB1994PTC062270
2025-09-23 16:56:22,978 - ERROR - 详情页 https://www.zaubacorp.com/ANANYA-INVESTMENTS-PRIVATE-LIMITED-U65990GJ1980PTC003888（requests）第2次尝试失败: 403 Client Error: Forbidden for url: https://www.zaubacorp.com/ANANYA-INVESTMENTS-PRIVATE-LIMITED-U65990GJ1980PTC003888
2025-09-23 16:56:24,659 - ERROR - 详情页 https://www.zaubacorp.com/VISHWAKARMA-TREXIM-PVT.-LTD.-U51109WB1994PTC062270（requests）第3次尝试失败: 403 Client Error: Forbidden for url: https://www.zaubacorp.com/VISHWAKARMA-TREXIM-PVT.-LTD.-U51109WB1994PTC062270
2025-09-23 16:56:24,659 - INFO - 详情页 https://www.zaubacorp.com/VISHWAKARMA-TREXIM-PVT.-LTD.-U51109WB1994PTC062270 切换到Selenium模式
2025-09-23 16:56:25,492 - ERROR - 详情页 https://www.zaubacorp.com/ANANYA-INVESTMENTS-PRIVATE-LIMITED-U65990GJ1980PTC003888（requests）第3次尝试失败: 403 Client Error: Forbidden for url: https://www.zaubacorp.com/ANANYA-INVESTMENTS-PRIVATE-LIMITED-U65990GJ1980PTC003888
2025-09-23 16:56:25,493 - INFO - 详情页 https://www.zaubacorp.com/ANANYA-INVESTMENTS-PRIVATE-LIMITED-U65990GJ1980PTC003888 切换到Selenium模式
2025-09-23 16:56:28,660 - INFO - 详情页 https://www.zaubacorp.com/BLUE-CIRCLE-ORGANICS-PRIVATE-LIMITED-U24299MH2003PTC139929（Selenium）提取Email: organics@bluecircle.net.inWebsite
2025-09-23 16:56:28,660 - INFO - 详情页 https://www.zaubacorp.com/BLUE-CIRCLE-ORGANICS-PRIVATE-LIMITED-U24299MH2003PTC139929（Selenium）提取成功
2025-09-23 16:56:29,465 - ERROR - 详情页 https://www.zaubacorp.com/SAITEX-FAB-SAREES-LLP-AAQ-6173（requests）第1次尝试失败: 403 Client Error: Forbidden for url: https://www.zaubacorp.com/SAITEX-FAB-SAREES-LLP-AAQ-6173
2025-09-23 16:56:32,083 - ERROR - 详情页 https://www.zaubacorp.com/SAITEX-FAB-SAREES-LLP-AAQ-6173（requests）第2次尝试失败: 403 Client Error: Forbidden for url: https://www.zaubacorp.com/SAITEX-FAB-SAREES-LLP-AAQ-6173
2025-09-23 16:56:34,610 - ERROR - 详情页 https://www.zaubacorp.com/SAITEX-FAB-SAREES-LLP-AAQ-6173（requests）第3次尝试失败: 403 Client Error: Forbidden for url: https://www.zaubacorp.com/SAITEX-FAB-SAREES-LLP-AAQ-6173
2025-09-23 16:56:34,610 - INFO - 详情页 https://www.zaubacorp.com/SAITEX-FAB-SAREES-LLP-AAQ-6173 切换到Selenium模式
2025-09-23 16:56:42,379 - INFO - 详情页 https://www.zaubacorp.com/ANANYA-INVESTMENTS-PRIVATE-LIMITED-U65990GJ1980PTC003888（Selenium）提取Email: kunjangandhi@hotmail.comWebsite
2025-09-23 16:56:42,379 - INFO - 详情页 https://www.zaubacorp.com/ANANYA-INVESTMENTS-PRIVATE-LIMITED-U65990GJ1980PTC003888（Selenium）提取成功
2025-09-23 16:56:42,518 - INFO - 详情页 https://www.zaubacorp.com/VISHWAKARMA-TREXIM-PVT.-LTD.-U51109WB1994PTC062270（Selenium）提取Email: treximv@gmail.comWebsite
2025-09-23 16:56:42,518 - INFO - 详情页 https://www.zaubacorp.com/VISHWAKARMA-TREXIM-PVT.-LTD.-U51109WB1994PTC062270（Selenium）提取成功
2025-09-23 16:56:43,094 - ERROR - 详情页 https://www.zaubacorp.com/ASPIRE-POWER-PROJECTS-PRIVATE-LIMITED-U40108DL2004PTC125750（requests）第1次尝试失败: 403 Client Error: Forbidden for url: https://www.zaubacorp.com/ASPIRE-POWER-PROJECTS-PRIVATE-LIMITED-U40108DL2004PTC125750
2025-09-23 16:56:43,095 - ERROR - 详情页 https://www.zaubacorp.com/AL-AMAN-TOURISM-PRIVATE-LIMITED-U63040AP2002PTC039713（requests）第1次尝试失败: 403 Client Error: Forbidden for url: https://www.zaubacorp.com/AL-AMAN-TOURISM-PRIVATE-LIMITED-U63040AP2002PTC039713
2025-09-23 16:56:44,612 - ERROR - 详情页 https://www.zaubacorp.com/AL-AMAN-TOURISM-PRIVATE-LIMITED-U63040AP2002PTC039713（requests）第2次尝试失败: 403 Client Error: Forbidden for url: https://www.zaubacorp.com/AL-AMAN-TOURISM-PRIVATE-LIMITED-U63040AP2002PTC039713
2025-09-23 16:56:44,819 - ERROR - 详情页 https://www.zaubacorp.com/ASPIRE-POWER-PROJECTS-PRIVATE-LIMITED-U40108DL2004PTC125750（requests）第2次尝试失败: 403 Client Error: Forbidden for url: https://www.zaubacorp.com/ASPIRE-POWER-PROJECTS-PRIVATE-LIMITED-U40108DL2004PTC125750
2025-09-23 16:56:47,386 - ERROR - 详情页 https://www.zaubacorp.com/ASPIRE-POWER-PROJECTS-PRIVATE-LIMITED-U40108DL2004PTC125750（requests）第3次尝试失败: 403 Client Error: Forbidden for url: https://www.zaubacorp.com/ASPIRE-POWER-PROJECTS-PRIVATE-LIMITED-U40108DL2004PTC125750
2025-09-23 16:56:47,387 - INFO - 详情页 https://www.zaubacorp.com/ASPIRE-POWER-PROJECTS-PRIVATE-LIMITED-U40108DL2004PTC125750 切换到Selenium模式
2025-09-23 16:56:47,448 - ERROR - 详情页 https://www.zaubacorp.com/AL-AMAN-TOURISM-PRIVATE-LIMITED-U63040AP2002PTC039713（requests）第3次尝试失败: 403 Client Error: Forbidden for url: https://www.zaubacorp.com/AL-AMAN-TOURISM-PRIVATE-LIMITED-U63040AP2002PTC039713
2025-09-23 16:56:47,456 - INFO - 详情页 https://www.zaubacorp.com/AL-AMAN-TOURISM-PRIVATE-LIMITED-U63040AP2002PTC039713 切换到Selenium模式
2025-09-23 16:56:56,317 - INFO - 详情页 https://www.zaubacorp.com/AL-AMAN-TOURISM-PRIVATE-LIMITED-U63040AP2002PTC039713（Selenium）提取Email: alamantourism@gmail.comWebsite
2025-09-23 16:56:56,333 - INFO - 详情页 https://www.zaubacorp.com/AL-AMAN-TOURISM-PRIVATE-LIMITED-U63040AP2002PTC039713（Selenium）提取成功
2025-09-23 16:56:56,654 - INFO - 详情页 https://www.zaubacorp.com/SAITEX-FAB-SAREES-LLP-AAQ-6173（Selenium）提取Email: saitexfab50@yahoo.inWebsite
2025-09-23 16:56:56,654 - INFO - 详情页 https://www.zaubacorp.com/SAITEX-FAB-SAREES-LLP-AAQ-6173（Selenium）提取成功
2025-09-23 16:56:57,058 - ERROR - 详情页 https://www.zaubacorp.com/AGK-BUILDCON-LLP-AAJ-4875（requests）第1次尝试失败: 403 Client Error: Forbidden for url: https://www.zaubacorp.com/AGK-BUILDCON-LLP-AAJ-4875
2025-09-23 16:56:57,271 - ERROR - 详情页 https://www.zaubacorp.com/KPC-BUILDERS-PRIVATE-LIMITED-U45200AP2001PTC036587（requests）第1次尝试失败: 403 Client Error: Forbidden for url: https://www.zaubacorp.com/KPC-BUILDERS-PRIVATE-LIMITED-U45200AP2001PTC036587
2025-09-23 16:56:58,493 - ERROR - 详情页 https://www.zaubacorp.com/AGK-BUILDCON-LLP-AAJ-4875（requests）第2次尝试失败: 403 Client Error: Forbidden for url: https://www.zaubacorp.com/AGK-BUILDCON-LLP-AAJ-4875
2025-09-23 16:56:58,795 - ERROR - 详情页 https://www.zaubacorp.com/KPC-BUILDERS-PRIVATE-LIMITED-U45200AP2001PTC036587（requests）第2次尝试失败: 403 Client Error: Forbidden for url: https://www.zaubacorp.com/KPC-BUILDERS-PRIVATE-LIMITED-U45200AP2001PTC036587
2025-09-23 16:57:01,232 - ERROR - 详情页 https://www.zaubacorp.com/KPC-BUILDERS-PRIVATE-LIMITED-U45200AP2001PTC036587（requests）第3次尝试失败: 403 Client Error: Forbidden for url: https://www.zaubacorp.com/KPC-BUILDERS-PRIVATE-LIMITED-U45200AP2001PTC036587
2025-09-23 16:57:01,233 - INFO - 详情页 https://www.zaubacorp.com/KPC-BUILDERS-PRIVATE-LIMITED-U45200AP2001PTC036587 切换到Selenium模式
2025-09-23 16:57:01,265 - INFO - 详情页 https://www.zaubacorp.com/ASPIRE-POWER-PROJECTS-PRIVATE-LIMITED-U40108DL2004PTC125750（Selenium）提取Email: VINAYVIBHAKAR@YAHOO.COMWebsite
2025-09-23 16:57:01,265 - INFO - 详情页 https://www.zaubacorp.com/ASPIRE-POWER-PROJECTS-PRIVATE-LIMITED-U40108DL2004PTC125750（Selenium）提取成功
2025-09-23 16:57:01,776 - ERROR - 详情页 https://www.zaubacorp.com/RASIK-INFRACON-PRIVATE-LIMITED-U45200DL2012PTC231983（requests）第1次尝试失败: 403 Client Error: Forbidden for url: https://www.zaubacorp.com/RASIK-INFRACON-PRIVATE-LIMITED-U45200DL2012PTC231983
2025-09-23 16:57:01,970 - ERROR - 详情页 https://www.zaubacorp.com/AGK-BUILDCON-LLP-AAJ-4875（requests）第3次尝试失败: 403 Client Error: Forbidden for url: https://www.zaubacorp.com/AGK-BUILDCON-LLP-AAJ-4875
2025-09-23 16:57:01,970 - INFO - 详情页 https://www.zaubacorp.com/AGK-BUILDCON-LLP-AAJ-4875 切换到Selenium模式
2025-09-23 16:57:03,177 - ERROR - 详情页 https://www.zaubacorp.com/RASIK-INFRACON-PRIVATE-LIMITED-U45200DL2012PTC231983（requests）第2次尝试失败: 403 Client Error: Forbidden for url: https://www.zaubacorp.com/RASIK-INFRACON-PRIVATE-LIMITED-U45200DL2012PTC231983
2025-09-23 16:57:05,561 - ERROR - 详情页 https://www.zaubacorp.com/RASIK-INFRACON-PRIVATE-LIMITED-U45200DL2012PTC231983（requests）第3次尝试失败: 403 Client Error: Forbidden for url: https://www.zaubacorp.com/RASIK-INFRACON-PRIVATE-LIMITED-U45200DL2012PTC231983
2025-09-23 16:57:05,562 - INFO - 详情页 https://www.zaubacorp.com/RASIK-INFRACON-PRIVATE-LIMITED-U45200DL2012PTC231983 切换到Selenium模式
2025-09-23 16:57:16,957 - INFO - 详情页 https://www.zaubacorp.com/AGK-BUILDCON-LLP-AAJ-4875（Selenium）提取Email: kathekar.rohanenterprises@gamil.comWebsite
2025-09-23 16:57:16,957 - INFO - 详情页 https://www.zaubacorp.com/AGK-BUILDCON-LLP-AAJ-4875（Selenium）提取成功
2025-09-23 16:57:17,045 - WARNING - 详情页 https://www.zaubacorp.com/KPC-BUILDERS-PRIVATE-LIMITED-U45200AP2001PTC036587（Selenium）未找到Contact Details部分
2025-09-23 16:57:17,045 - INFO - 详情页 https://www.zaubacorp.com/KPC-BUILDERS-PRIVATE-LIMITED-U45200AP2001PTC036587（Selenium）提取成功
2025-09-23 16:57:17,584 - ERROR - 详情页 https://www.zaubacorp.com/INEXUS-INNOVATION-PRIVATE-LIMITED-U72900TN2021PTC148423（requests）第1次尝试失败: 403 Client Error: Forbidden for url: https://www.zaubacorp.com/INEXUS-INNOVATION-PRIVATE-LIMITED-U72900TN2021PTC148423
2025-09-23 16:57:17,810 - ERROR - 详情页 https://www.zaubacorp.com/IMPERIAL-CONSULTANTS-AND-SECURITIES-LIMITED-U65993TN1993PTC024724（requests）第1次尝试失败: 403 Client Error: Forbidden for url: https://www.zaubacorp.com/IMPERIAL-CONSULTANTS-AND-SECURITIES-LIMITED-U65993TN1993PTC024724
2025-09-23 16:57:18,985 - ERROR - 详情页 https://www.zaubacorp.com/INEXUS-INNOVATION-PRIVATE-LIMITED-U72900TN2021PTC148423（requests）第2次尝试失败: 403 Client Error: Forbidden for url: https://www.zaubacorp.com/INEXUS-INNOVATION-PRIVATE-LIMITED-U72900TN2021PTC148423
2025-09-23 16:57:19,240 - ERROR - 详情页 https://www.zaubacorp.com/IMPERIAL-CONSULTANTS-AND-SECURITIES-LIMITED-U65993TN1993PTC024724（requests）第2次尝试失败: 403 Client Error: Forbidden for url: https://www.zaubacorp.com/IMPERIAL-CONSULTANTS-AND-SECURITIES-LIMITED-U65993TN1993PTC024724
2025-09-23 16:57:21,461 - ERROR - 详情页 https://www.zaubacorp.com/INEXUS-INNOVATION-PRIVATE-LIMITED-U72900TN2021PTC148423（requests）第3次尝试失败: 403 Client Error: Forbidden for url: https://www.zaubacorp.com/INEXUS-INNOVATION-PRIVATE-LIMITED-U72900TN2021PTC148423
2025-09-23 16:57:21,462 - INFO - 详情页 https://www.zaubacorp.com/INEXUS-INNOVATION-PRIVATE-LIMITED-U72900TN2021PTC148423 切换到Selenium模式
2025-09-23 16:57:22,169 - ERROR - 详情页 https://www.zaubacorp.com/IMPERIAL-CONSULTANTS-AND-SECURITIES-LIMITED-U65993TN1993PTC024724（requests）第3次尝试失败: 403 Client Error: Forbidden for url: https://www.zaubacorp.com/IMPERIAL-CONSULTANTS-AND-SECURITIES-LIMITED-U65993TN1993PTC024724
2025-09-23 16:57:22,169 - INFO - 详情页 https://www.zaubacorp.com/IMPERIAL-CONSULTANTS-AND-SECURITIES-LIMITED-U65993TN1993PTC024724 切换到Selenium模式
2025-09-23 16:57:22,963 - INFO - 详情页 https://www.zaubacorp.com/RASIK-INFRACON-PRIVATE-LIMITED-U45200DL2012PTC231983（Selenium）提取Email: rasikinfracon@gmail.comWebsite
2025-09-23 16:57:22,963 - INFO - 详情页 https://www.zaubacorp.com/RASIK-INFRACON-PRIVATE-LIMITED-U45200DL2012PTC231983（Selenium）提取成功
2025-09-23 16:57:23,870 - ERROR - 详情页 https://www.zaubacorp.com/PACHARIA-EXPORTS-PVT-LTD-U51420WB1989PTC048005（requests）第1次尝试失败: 403 Client Error: Forbidden for url: https://www.zaubacorp.com/PACHARIA-EXPORTS-PVT-LTD-U51420WB1989PTC048005
2025-09-23 16:57:25,269 - ERROR - 详情页 https://www.zaubacorp.com/PACHARIA-EXPORTS-PVT-LTD-U51420WB1989PTC048005（requests）第2次尝试失败: 403 Client Error: Forbidden for url: https://www.zaubacorp.com/PACHARIA-EXPORTS-PVT-LTD-U51420WB1989PTC048005
2025-09-23 16:57:27,834 - ERROR - 详情页 https://www.zaubacorp.com/PACHARIA-EXPORTS-PVT-LTD-U51420WB1989PTC048005（requests）第3次尝试失败: 403 Client Error: Forbidden for url: https://www.zaubacorp.com/PACHARIA-EXPORTS-PVT-LTD-U51420WB1989PTC048005
2025-09-23 16:57:27,834 - INFO - 详情页 https://www.zaubacorp.com/PACHARIA-EXPORTS-PVT-LTD-U51420WB1989PTC048005 切换到Selenium模式
2025-09-23 16:57:28,675 - INFO - 详情页 https://www.zaubacorp.com/IMPERIAL-CONSULTANTS-AND-SECURITIES-LIMITED-U65993TN1993PTC024724（Selenium）提取Email: vimpco123@gmail.comWebsite
2025-09-23 16:57:28,675 - INFO - 详情页 https://www.zaubacorp.com/IMPERIAL-CONSULTANTS-AND-SECURITIES-LIMITED-U65993TN1993PTC024724（Selenium）提取成功
2025-09-23 16:57:29,244 - ERROR - 详情页 https://www.zaubacorp.com/DRIKE-TOURS-AND-TRAVELS-PRIVATE-LIMITED-U63030UP2019PTC125163（requests）第1次尝试失败: 403 Client Error: Forbidden for url: https://www.zaubacorp.com/DRIKE-TOURS-AND-TRAVELS-PRIVATE-LIMITED-U63030UP2019PTC125163
2025-09-23 16:57:30,704 - ERROR - 详情页 https://www.zaubacorp.com/DRIKE-TOURS-AND-TRAVELS-PRIVATE-LIMITED-U63030UP2019PTC125163（requests）第2次尝试失败: 403 Client Error: Forbidden for url: https://www.zaubacorp.com/DRIKE-TOURS-AND-TRAVELS-PRIVATE-LIMITED-U63030UP2019PTC125163
2025-09-23 16:57:33,148 - ERROR - 详情页 https://www.zaubacorp.com/DRIKE-TOURS-AND-TRAVELS-PRIVATE-LIMITED-U63030UP2019PTC125163（requests）第3次尝试失败: 403 Client Error: Forbidden for url: https://www.zaubacorp.com/DRIKE-TOURS-AND-TRAVELS-PRIVATE-LIMITED-U63030UP2019PTC125163
2025-09-23 16:57:33,149 - INFO - 详情页 https://www.zaubacorp.com/DRIKE-TOURS-AND-TRAVELS-PRIVATE-LIMITED-U63030UP2019PTC125163 切换到Selenium模式
2025-09-23 16:57:36,792 - INFO - 详情页 https://www.zaubacorp.com/PACHARIA-EXPORTS-PVT-LTD-U51420WB1989PTC048005（Selenium）提取Email: pacharia@pachariaexports.comWebsite
2025-09-23 16:57:36,793 - INFO - 详情页 https://www.zaubacorp.com/PACHARIA-EXPORTS-PVT-LTD-U51420WB1989PTC048005（Selenium）提取成功
2025-09-23 16:57:53,287 - INFO - 详情页 https://www.zaubacorp.com/DRIKE-TOURS-AND-TRAVELS-PRIVATE-LIMITED-U63030UP2019PTC125163（Selenium）提取Email: keshavtyagi182000@gmail.comWebsite
2025-09-23 16:57:53,288 - INFO - 详情页 https://www.zaubacorp.com/DRIKE-TOURS-AND-TRAVELS-PRIVATE-LIMITED-U63030UP2019PTC125163（Selenium）提取成功
2025-09-23 16:57:53,423 - INFO - 详情页 https://www.zaubacorp.com/INEXUS-INNOVATION-PRIVATE-LIMITED-U72900TN2021PTC148423（Selenium）提取Email: nivasnivas312@gmail.comWebsite
2025-09-23 16:57:53,423 - INFO - 详情页 https://www.zaubacorp.com/INEXUS-INNOVATION-PRIVATE-LIMITED-U72900TN2021PTC148423（Selenium）提取成功
2025-09-23 16:57:57,439 - INFO - 追加30条记录到 active_companies_with_details_20250923_165248.xlsx
2025-09-23 16:57:57,439 - INFO - 保存检查点到 checkpoint.json，当前页: 1
